2025-05-03 16:54:57,830 - __main__ - INFO - Initializing secure enclave marlin-tee-159ad989
2025-05-03 16:54:57,831 - __main__ - INFO - [TEE:marlin-tee-159ad989] Starting secure enclave initialization
2025-05-03 16:54:57,906 - __main__ - INFO - [TEE:marlin-tee-159ad989] Verifying hardware attestation... complete
2025-05-03 16:54:58,004 - __main__ - INFO - [TEE:marlin-tee-159ad989] Loading encrypted model weights... complete
2025-05-03 16:54:58,192 - __main__ - INFO - [TEE:marlin-tee-159ad989] Verifying model integrity... complete
2025-05-03 16:54:58,293 - __main__ - INFO - [TEE:marlin-tee-159ad989] Establishing secure communication channels... complete
2025-05-03 16:54:58,483 - __main__ - INFO - [TEE:marlin-tee-159ad989] Allocating secure memory regions... complete
2025-05-03 16:54:58,575 - __main__ - INFO - [TEE:marlin-tee-159ad989] Initializing random number generator... complete
2025-05-03 16:54:58,726 - __main__ - INFO - [TEE:marlin-tee-159ad989] Setting up secure I/O... complete
2025-05-03 16:54:58,842 - __main__ - INFO - [TEE:marlin-tee-159ad989] Completing attestation process... complete
2025-05-03 16:54:58,843 - __main__ - INFO - [TEE:marlin-tee-159ad989] Secure enclave initialization complete
2025-05-03 16:54:58,844 - __main__ - INFO - [TEE:marlin-tee-159ad989] Session nonce: 25981842
2025-05-03 16:54:58,845 - __main__ - INFO - [TEE:marlin-tee-159ad989] Received prediction request 1746271498-6375
2025-05-03 16:54:58,854 - __main__ - INFO - [TEE:marlin-tee-159ad989] Input data hash: aa571cc6fbccc481d773442673788e1dc0a418c1e2d8328508b19887fcaed1fd
2025-05-03 16:54:58,855 - __main__ - INFO - [TEE:marlin-tee-159ad989] Performing attestation verification
2025-05-03 16:54:58,928 - __main__ - INFO - [TEE:marlin-tee-159ad989] Attestation: Verifying enclave identity
2025-05-03 16:54:58,985 - __main__ - INFO - [TEE:marlin-tee-159ad989] Attestation: Checking hardware signatures
2025-05-03 16:54:59,052 - __main__ - INFO - [TEE:marlin-tee-159ad989] Attestation: Validating secure boot sequence
2025-05-03 16:54:59,130 - __main__ - INFO - [TEE:marlin-tee-159ad989] Attestation: Verifying model integrity
2025-05-03 16:54:59,131 - __main__ - INFO - [TEE:marlin-tee-159ad989] Securely preprocessing input data
2025-05-03 16:54:59,399 - __main__ - INFO - [TEE:marlin-tee-159ad989] Loading encrypted model weights
2025-05-03 16:54:59,630 - __main__ - INFO - [TEE:marlin-tee-159ad989] Executing model in secure memory space
2025-05-03 16:55:00,600 - __main__ - INFO - [TEE:marlin-tee-159ad989] Encrypting prediction results
2025-05-03 16:55:00,769 - __main__ - INFO - [TEE:marlin-tee-159ad989] Prediction complete: UP with 0.95 confidence
2025-05-03 16:55:00,770 - __main__ - INFO - [TEE:marlin-tee-159ad989] Result signature: 482df8351541eeb74efb9301fe8b85f7165d7ad7aa9ebace459fbd0b61723385
2025-05-03 16:55:54,435 - secure_predictions - INFO - Initializing secure enclave marlin-tee-159ad989
2025-05-03 16:55:54,436 - secure_predictions - INFO - [TEE:marlin-tee-159ad989] Starting secure enclave initialization
2025-05-03 16:55:54,556 - secure_predictions - INFO - [TEE:marlin-tee-159ad989] Verifying hardware attestation... complete
2025-05-03 16:55:54,734 - secure_predictions - INFO - [TEE:marlin-tee-159ad989] Loading encrypted model weights... complete
2025-05-03 16:55:54,842 - secure_predictions - INFO - [TEE:marlin-tee-159ad989] Verifying model integrity... complete
2025-05-03 16:55:54,937 - secure_predictions - INFO - [TEE:marlin-tee-159ad989] Establishing secure communication channels... complete
2025-05-03 16:55:55,037 - secure_predictions - INFO - [TEE:marlin-tee-159ad989] Allocating secure memory regions... complete
2025-05-03 16:55:55,108 - secure_predictions - INFO - [TEE:marlin-tee-159ad989] Initializing random number generator... complete
2025-05-03 16:55:55,165 - secure_predictions - INFO - [TEE:marlin-tee-159ad989] Setting up secure I/O... complete
2025-05-03 16:55:55,265 - secure_predictions - INFO - [TEE:marlin-tee-159ad989] Completing attestation process... complete
2025-05-03 16:55:55,265 - secure_predictions - INFO - [TEE:marlin-tee-159ad989] Secure enclave initialization complete
2025-05-03 16:55:55,266 - secure_predictions - INFO - [TEE:marlin-tee-159ad989] Session nonce: 36970984
2025-05-03 16:55:55,267 - secure_predictions - INFO - [TEE:marlin-tee-159ad989] Received prediction request 1746271555-9976
2025-05-03 16:55:55,270 - secure_predictions - INFO - [TEE:marlin-tee-159ad989] Input data hash: 597e9027d66dd4e7556c227abf8920536dc7987825a2e099fa35cf3f4dc621f2
2025-05-03 16:55:55,271 - secure_predictions - INFO - [TEE:marlin-tee-159ad989] Performing attestation verification
2025-05-03 16:55:55,331 - secure_predictions - INFO - [TEE:marlin-tee-159ad989] Attestation: Verifying enclave identity
2025-05-03 16:55:55,432 - secure_predictions - INFO - [TEE:marlin-tee-159ad989] Attestation: Checking hardware signatures
2025-05-03 16:55:55,510 - secure_predictions - INFO - [TEE:marlin-tee-159ad989] Attestation: Validating secure boot sequence
2025-05-03 16:55:55,600 - secure_predictions - INFO - [TEE:marlin-tee-159ad989] Attestation: Verifying model integrity
2025-05-03 16:55:55,602 - secure_predictions - INFO - [TEE:marlin-tee-159ad989] Securely preprocessing input data
2025-05-03 16:55:55,741 - secure_predictions - INFO - [TEE:marlin-tee-159ad989] Loading encrypted model weights
2025-05-03 16:55:56,216 - secure_predictions - INFO - [TEE:marlin-tee-159ad989] Executing model in secure memory space
2025-05-03 16:55:57,074 - secure_predictions - INFO - [TEE:marlin-tee-159ad989] Encrypting prediction results
2025-05-03 16:55:57,267 - secure_predictions - INFO - [TEE:marlin-tee-159ad989] Prediction complete: DOWN with 0.95 confidence
2025-05-03 16:55:57,268 - secure_predictions - INFO - [TEE:marlin-tee-159ad989] Result signature: 852b7b974f6d9046c558fece6d4116d38352e2742a03da9fdcd47d4db60b99be
2025-05-03 16:55:57,703 - price_prediction_model - INFO - Successfully loaded model from models\btcusdt_predictor.joblib
2025-05-03 16:55:57,705 - price_prediction_model - INFO - Successfully loaded scaler from models\btcusdt_scaler.joblib
2025-05-03 16:55:59,614 - xgboost_price_predictor - INFO - Loaded model from models\btcusdt_xgboost.joblib
2025-05-03 16:55:59,616 - xgboost_price_predictor - INFO - Loaded scaler from models\btcusdt_xgboost_scaler.joblib
2025-05-03 16:55:59,617 - xgboost_price_predictor - INFO - Loaded metadata from models\btcusdt_xgboost_metadata.json
2025-05-03 16:55:59,617 - xgboost_price_predictor - INFO - Initialized XGBoost predictor for BTCUSDT with threshold 0.16575740277767181
2025-05-03 16:55:59,617 - ensemble_predictor - INFO - Ensemble predictor initialized for BTCUSDT
2025-05-03 16:55:59,618 - ensemble_predictor - INFO - Allora integration: Enabled
2025-05-03 16:55:59,618 - ensemble_predictor - INFO - Allora weight: 0.3
2025-05-03 16:55:59,618 - ensemble_predictor - INFO - Require Allora agreement: False
2025-05-03 16:55:59,618 - ensemble_predictor - INFO - Secure enclave: Enabled
2025-05-03 16:55:59,619 - ensemble_predictor - INFO - Secure model ID: btc_price_predictor_v1
2025-05-03 16:55:59,619 - ensemble_predictor - INFO - Secure model weight: 0.3
2025-05-03 16:55:59,620 - allora_integration - INFO - Allora integration initialized in mock mode
2025-05-03 16:55:59,620 - allora_integration - INFO - Generated mock Allora prediction: UP with 0.59 confidence
2025-05-03 16:55:59,620 - ensemble_predictor - INFO - Requesting prediction from secure enclave
2025-05-03 16:55:59,621 - secure_predictions - INFO - Initializing secure enclave marlin-tee-159ad989
2025-05-03 16:55:59,621 - secure_predictions - INFO - [TEE:marlin-tee-159ad989] Starting secure enclave initialization
2025-05-03 16:55:59,724 - secure_predictions - INFO - [TEE:marlin-tee-159ad989] Verifying hardware attestation... complete
2025-05-03 16:55:59,878 - secure_predictions - INFO - [TEE:marlin-tee-159ad989] Loading encrypted model weights... complete
2025-05-03 16:56:00,072 - secure_predictions - INFO - [TEE:marlin-tee-159ad989] Verifying model integrity... complete
2025-05-03 16:56:00,190 - secure_predictions - INFO - [TEE:marlin-tee-159ad989] Establishing secure communication channels... complete
2025-05-03 16:56:00,247 - secure_predictions - INFO - [TEE:marlin-tee-159ad989] Allocating secure memory regions... complete
2025-05-03 16:56:00,380 - secure_predictions - INFO - [TEE:marlin-tee-159ad989] Initializing random number generator... complete
2025-05-03 16:56:00,474 - secure_predictions - INFO - [TEE:marlin-tee-159ad989] Setting up secure I/O... complete
2025-05-03 16:56:00,552 - secure_predictions - INFO - [TEE:marlin-tee-159ad989] Completing attestation process... complete
2025-05-03 16:56:00,553 - secure_predictions - INFO - [TEE:marlin-tee-159ad989] Secure enclave initialization complete
2025-05-03 16:56:00,554 - secure_predictions - INFO - [TEE:marlin-tee-159ad989] Session nonce: 16734353
2025-05-03 16:56:00,555 - secure_predictions - INFO - [TEE:marlin-tee-159ad989] Received prediction request 1746271560-8358
2025-05-03 16:56:00,557 - secure_predictions - INFO - [TEE:marlin-tee-159ad989] Input data hash: 628cd10d3275fdff6ec46015194ef275639a27c4e49617eee3f2c495d6e38c99
2025-05-03 16:56:00,559 - secure_predictions - INFO - [TEE:marlin-tee-159ad989] Performing attestation verification
2025-05-03 16:56:00,638 - secure_predictions - INFO - [TEE:marlin-tee-159ad989] Attestation: Verifying enclave identity
2025-05-03 16:56:00,714 - secure_predictions - INFO - [TEE:marlin-tee-159ad989] Attestation: Checking hardware signatures
2025-05-03 16:56:00,781 - secure_predictions - INFO - [TEE:marlin-tee-159ad989] Attestation: Validating secure boot sequence
2025-05-03 16:56:00,839 - secure_predictions - INFO - [TEE:marlin-tee-159ad989] Attestation: Verifying model integrity
2025-05-03 16:56:00,841 - secure_predictions - INFO - [TEE:marlin-tee-159ad989] Securely preprocessing input data
2025-05-03 16:56:01,054 - secure_predictions - INFO - [TEE:marlin-tee-159ad989] Loading encrypted model weights
2025-05-03 16:56:01,431 - secure_predictions - INFO - [TEE:marlin-tee-159ad989] Executing model in secure memory space
2025-05-03 16:56:02,067 - secure_predictions - INFO - [TEE:marlin-tee-159ad989] Encrypting prediction results
2025-05-03 16:56:02,255 - secure_predictions - INFO - [TEE:marlin-tee-159ad989] Prediction complete: UP with 0.95 confidence
2025-05-03 16:56:02,256 - secure_predictions - INFO - [TEE:marlin-tee-159ad989] Result signature: 4713fdf116c0526ade20222484b09aa6fbc1d0266aa38c30ba89f512477cdb10
2025-05-03 16:56:02,257 - ensemble_predictor - INFO - Secure model prediction: UP with 0.95 confidence
2025-05-03 16:56:02,258 - ensemble_predictor - INFO - ENSEMBLE: UP (0.78) | RF: UP (0.75) | XGB: UP (0.82) | ALLORA: UP (0.59) | SECURE: UP (0.95)
2025-05-03 16:56:46,971 - __main__ - INFO - Running secure model prediction using model btc_price_predictor_v1
2025-05-03 16:56:46,972 - __main__ - INFO - Input data: 49 periods from 2025-05-01 16:56:46.965237 to 2025-05-03 16:56:46.965237
2025-05-03 16:56:46,974 - secure_predictions - INFO - Initializing secure enclave marlin-tee-159ad989
2025-05-03 16:56:46,975 - secure_predictions - INFO - [TEE:marlin-tee-159ad989] Starting secure enclave initialization
2025-05-03 16:56:47,117 - secure_predictions - INFO - [TEE:marlin-tee-159ad989] Verifying hardware attestation... complete
2025-05-03 16:56:47,232 - secure_predictions - INFO - [TEE:marlin-tee-159ad989] Loading encrypted model weights... complete
2025-05-03 16:56:47,388 - secure_predictions - INFO - [TEE:marlin-tee-159ad989] Verifying model integrity... complete
2025-05-03 16:56:47,530 - secure_predictions - INFO - [TEE:marlin-tee-159ad989] Establishing secure communication channels... complete
2025-05-03 16:56:47,644 - secure_predictions - INFO - [TEE:marlin-tee-159ad989] Allocating secure memory regions... complete
2025-05-03 16:56:47,781 - secure_predictions - INFO - [TEE:marlin-tee-159ad989] Initializing random number generator... complete
2025-05-03 16:56:47,939 - secure_predictions - INFO - [TEE:marlin-tee-159ad989] Setting up secure I/O... complete
2025-05-03 16:56:48,066 - secure_predictions - INFO - [TEE:marlin-tee-159ad989] Completing attestation process... complete
2025-05-03 16:56:48,067 - secure_predictions - INFO - [TEE:marlin-tee-159ad989] Secure enclave initialization complete
2025-05-03 16:56:48,068 - secure_predictions - INFO - [TEE:marlin-tee-159ad989] Session nonce: 22583808
2025-05-03 16:56:48,069 - secure_predictions - INFO - [TEE:marlin-tee-159ad989] Received prediction request 1746271608-2936
2025-05-03 16:56:48,071 - secure_predictions - INFO - [TEE:marlin-tee-159ad989] Input data hash: 832e5c266ca4637fc6c20c9920113b3867d3944502741628464d10934eb0d643
2025-05-03 16:56:48,072 - secure_predictions - INFO - [TEE:marlin-tee-159ad989] Performing attestation verification
2025-05-03 16:56:48,166 - secure_predictions - INFO - [TEE:marlin-tee-159ad989] Attestation: Verifying enclave identity
2025-05-03 16:56:48,251 - secure_predictions - INFO - [TEE:marlin-tee-159ad989] Attestation: Checking hardware signatures
2025-05-03 16:56:48,315 - secure_predictions - INFO - [TEE:marlin-tee-159ad989] Attestation: Validating secure boot sequence
2025-05-03 16:56:48,404 - secure_predictions - INFO - [TEE:marlin-tee-159ad989] Attestation: Verifying model integrity
2025-05-03 16:56:48,406 - secure_predictions - INFO - [TEE:marlin-tee-159ad989] Securely preprocessing input data
2025-05-03 16:56:48,650 - secure_predictions - INFO - [TEE:marlin-tee-159ad989] Loading encrypted model weights
2025-05-03 16:56:49,129 - secure_predictions - INFO - [TEE:marlin-tee-159ad989] Executing model in secure memory space
2025-05-03 16:56:50,135 - secure_predictions - INFO - [TEE:marlin-tee-159ad989] Encrypting prediction results
2025-05-03 16:56:50,268 - secure_predictions - INFO - [TEE:marlin-tee-159ad989] Prediction complete: UP with 0.95 confidence
2025-05-03 16:56:50,269 - secure_predictions - INFO - [TEE:marlin-tee-159ad989] Result signature: fc2f66612cea573ade9e9ccdc8294d7a9a697a34f9fbf4fa2eae57bf94625458
2025-05-03 16:56:50,270 - __main__ - INFO - Secure prediction complete: UP with 0.95 confidence
2025-05-03 16:56:50,271 - __main__ - INFO - Enclave ID: marlin-tee-159ad989
2025-05-03 16:56:50,272 - __main__ - INFO - Request ID: 1746271608-2936
2025-05-03 16:56:50,273 - __main__ - INFO - Total time: 3299ms (Secure compute: 1004ms, Overhead: 2295ms)
2025-05-03 16:56:50,274 - __main__ - INFO - Result signature: fc2f66612cea573ade9e9ccdc8294d7a9a697a34f9fbf4fa2eae57bf94625458
2025-05-03 16:56:50,280 - __main__ - INFO - Prediction result saved to secure_prediction_result.json
2025-05-03 17:13:31,436 - secure_predictions - INFO - Initializing secure enclave marlin-tee-159ad989
2025-05-03 17:13:31,437 - secure_predictions - INFO - [TEE:marlin-tee-159ad989] Starting secure enclave initialization
2025-05-03 17:13:31,628 - secure_predictions - INFO - [TEE:marlin-tee-159ad989] Verifying hardware attestation... complete
2025-05-03 17:13:31,752 - secure_predictions - INFO - [TEE:marlin-tee-159ad989] Loading encrypted model weights... complete
2025-05-03 17:13:31,924 - secure_predictions - INFO - [TEE:marlin-tee-159ad989] Verifying model integrity... complete
2025-05-03 17:13:32,043 - secure_predictions - INFO - [TEE:marlin-tee-159ad989] Establishing secure communication channels... complete
2025-05-03 17:13:32,176 - secure_predictions - INFO - [TEE:marlin-tee-159ad989] Allocating secure memory regions... complete
2025-05-03 17:13:32,287 - secure_predictions - INFO - [TEE:marlin-tee-159ad989] Initializing random number generator... complete
2025-05-03 17:13:32,420 - secure_predictions - INFO - [TEE:marlin-tee-159ad989] Setting up secure I/O... complete
2025-05-03 17:13:32,576 - secure_predictions - INFO - [TEE:marlin-tee-159ad989] Completing attestation process... complete
2025-05-03 17:13:32,577 - secure_predictions - INFO - [TEE:marlin-tee-159ad989] Secure enclave initialization complete
2025-05-03 17:13:32,578 - secure_predictions - INFO - [TEE:marlin-tee-159ad989] Session nonce: 71704453
2025-05-03 17:13:32,579 - secure_predictions - INFO - [TEE:marlin-tee-159ad989] Received prediction request 1746272612-1304
2025-05-03 17:13:32,581 - secure_predictions - INFO - [TEE:marlin-tee-159ad989] Input data hash: bb60bda70796a0bb19bd322d785142435b3be430f610f6172731562b3efbb413
2025-05-03 17:13:32,582 - secure_predictions - INFO - [TEE:marlin-tee-159ad989] Performing attestation verification
2025-05-03 17:13:32,656 - secure_predictions - INFO - [TEE:marlin-tee-159ad989] Attestation: Verifying enclave identity
2025-05-03 17:13:32,740 - secure_predictions - INFO - [TEE:marlin-tee-159ad989] Attestation: Checking hardware signatures
2025-05-03 17:13:32,805 - secure_predictions - INFO - [TEE:marlin-tee-159ad989] Attestation: Validating secure boot sequence
2025-05-03 17:13:32,884 - secure_predictions - INFO - [TEE:marlin-tee-159ad989] Attestation: Verifying model integrity
2025-05-03 17:13:32,885 - secure_predictions - INFO - [TEE:marlin-tee-159ad989] Securely preprocessing input data
2025-05-03 17:13:33,136 - secure_predictions - INFO - [TEE:marlin-tee-159ad989] Loading encrypted model weights
2025-05-03 17:13:33,500 - secure_predictions - INFO - [TEE:marlin-tee-159ad989] Executing model in secure memory space
2025-05-03 17:13:34,574 - secure_predictions - INFO - [TEE:marlin-tee-159ad989] Encrypting prediction results
2025-05-03 17:13:34,679 - secure_predictions - INFO - [TEE:marlin-tee-159ad989] Prediction complete: UP with 0.95 confidence
2025-05-03 17:13:34,680 - secure_predictions - INFO - [TEE:marlin-tee-159ad989] Result signature: 605af5576f429ed688ca421f4189099e58c87ee9c1d2a80930a63a4c8f5c4bb7
2025-05-03 17:13:35,069 - price_prediction_model - INFO - Successfully loaded model from models\btcusdt_predictor.joblib
2025-05-03 17:13:35,071 - price_prediction_model - INFO - Successfully loaded scaler from models\btcusdt_scaler.joblib
2025-05-03 17:13:37,009 - xgboost_price_predictor - INFO - Loaded model from models\btcusdt_xgboost.joblib
2025-05-03 17:13:37,011 - xgboost_price_predictor - INFO - Loaded scaler from models\btcusdt_xgboost_scaler.joblib
2025-05-03 17:13:37,013 - xgboost_price_predictor - INFO - Loaded metadata from models\btcusdt_xgboost_metadata.json
2025-05-03 17:13:37,013 - xgboost_price_predictor - INFO - Initialized XGBoost predictor for BTCUSDT with threshold 0.16575740277767181
2025-05-03 17:13:37,014 - ensemble_predictor - INFO - Ensemble predictor initialized for BTCUSDT
2025-05-03 17:13:37,015 - ensemble_predictor - INFO - Allora integration: Enabled
2025-05-03 17:13:37,015 - ensemble_predictor - INFO - Allora weight: 0.3
2025-05-03 17:13:37,016 - ensemble_predictor - INFO - Require Allora agreement: False
2025-05-03 17:13:37,016 - ensemble_predictor - INFO - Secure enclave: Enabled
2025-05-03 17:13:37,017 - ensemble_predictor - INFO - Secure model ID: btc_price_predictor_v1
2025-05-03 17:13:37,017 - ensemble_predictor - INFO - Secure model weight: 0.3
2025-05-03 17:13:37,018 - allora_integration - INFO - Allora integration initialized in mock mode
2025-05-03 17:13:37,018 - allora_integration - INFO - Generated mock Allora prediction: UP with 0.79 confidence
2025-05-03 17:13:37,019 - ensemble_predictor - INFO - Requesting prediction from secure enclave
2025-05-03 17:13:37,019 - secure_predictions - INFO - Initializing secure enclave marlin-tee-159ad989
2025-05-03 17:13:37,020 - secure_predictions - INFO - [TEE:marlin-tee-159ad989] Starting secure enclave initialization
2025-05-03 17:13:37,200 - secure_predictions - INFO - [TEE:marlin-tee-159ad989] Verifying hardware attestation... complete
2025-05-03 17:13:37,311 - secure_predictions - INFO - [TEE:marlin-tee-159ad989] Loading encrypted model weights... complete
2025-05-03 17:13:37,471 - secure_predictions - INFO - [TEE:marlin-tee-159ad989] Verifying model integrity... complete
2025-05-03 17:13:37,532 - secure_predictions - INFO - [TEE:marlin-tee-159ad989] Establishing secure communication channels... complete
2025-05-03 17:13:37,634 - secure_predictions - INFO - [TEE:marlin-tee-159ad989] Allocating secure memory regions... complete
2025-05-03 17:13:37,755 - secure_predictions - INFO - [TEE:marlin-tee-159ad989] Initializing random number generator... complete
2025-05-03 17:13:37,939 - secure_predictions - INFO - [TEE:marlin-tee-159ad989] Setting up secure I/O... complete
2025-05-03 17:13:38,141 - secure_predictions - INFO - [TEE:marlin-tee-159ad989] Completing attestation process... complete
2025-05-03 17:13:38,142 - secure_predictions - INFO - [TEE:marlin-tee-159ad989] Secure enclave initialization complete
2025-05-03 17:13:38,143 - secure_predictions - INFO - [TEE:marlin-tee-159ad989] Session nonce: 35912953
2025-05-03 17:13:38,144 - secure_predictions - INFO - [TEE:marlin-tee-159ad989] Received prediction request 1746272618-3250
2025-05-03 17:13:38,146 - secure_predictions - INFO - [TEE:marlin-tee-159ad989] Input data hash: 22ff711c572ef5d2ef43e7f12c2ab8552b6f4d4a9740cf9a7eb453da7c2f2dc7
2025-05-03 17:13:38,147 - secure_predictions - INFO - [TEE:marlin-tee-159ad989] Performing attestation verification
2025-05-03 17:13:38,246 - secure_predictions - INFO - [TEE:marlin-tee-159ad989] Attestation: Verifying enclave identity
2025-05-03 17:13:38,332 - secure_predictions - INFO - [TEE:marlin-tee-159ad989] Attestation: Checking hardware signatures
2025-05-03 17:13:38,388 - secure_predictions - INFO - [TEE:marlin-tee-159ad989] Attestation: Validating secure boot sequence
2025-05-03 17:13:38,473 - secure_predictions - INFO - [TEE:marlin-tee-159ad989] Attestation: Verifying model integrity
2025-05-03 17:13:38,474 - secure_predictions - INFO - [TEE:marlin-tee-159ad989] Securely preprocessing input data
2025-05-03 17:13:38,768 - secure_predictions - INFO - [TEE:marlin-tee-159ad989] Loading encrypted model weights
2025-05-03 17:13:39,028 - secure_predictions - INFO - [TEE:marlin-tee-159ad989] Executing model in secure memory space
2025-05-03 17:13:39,787 - secure_predictions - INFO - [TEE:marlin-tee-159ad989] Encrypting prediction results
2025-05-03 17:13:39,948 - secure_predictions - INFO - [TEE:marlin-tee-159ad989] Prediction complete: UP with 0.95 confidence
2025-05-03 17:13:39,949 - secure_predictions - INFO - [TEE:marlin-tee-159ad989] Result signature: e05f34633eb5ee909049dfe9191b296c69dc43010d41dfe497492fa0c5a49674
2025-05-03 17:13:39,950 - ensemble_predictor - INFO - Secure model prediction: UP with 0.95 confidence
2025-05-03 17:13:39,951 - ensemble_predictor - INFO - ENSEMBLE: UP (0.82) | RF: UP (0.75) | XGB: UP (0.82) | ALLORA: UP (0.79) | SECURE: UP (0.95)
2025-05-03 17:15:04,698 - secure_predictions - INFO - Initializing secure enclave marlin-tee-159ad989
2025-05-03 17:15:04,699 - secure_predictions - INFO - [TEE:marlin-tee-159ad989] Starting secure enclave initialization
2025-05-03 17:15:04,867 - secure_predictions - INFO - [TEE:marlin-tee-159ad989] Verifying hardware attestation... complete
2025-05-03 17:15:04,995 - secure_predictions - INFO - [TEE:marlin-tee-159ad989] Loading encrypted model weights... complete
2025-05-03 17:15:05,192 - secure_predictions - INFO - [TEE:marlin-tee-159ad989] Verifying model integrity... complete
2025-05-03 17:15:05,393 - secure_predictions - INFO - [TEE:marlin-tee-159ad989] Establishing secure communication channels... complete
2025-05-03 17:15:05,485 - secure_predictions - INFO - [TEE:marlin-tee-159ad989] Allocating secure memory regions... complete
2025-05-03 17:15:05,644 - secure_predictions - INFO - [TEE:marlin-tee-159ad989] Initializing random number generator... complete
2025-05-03 17:15:05,778 - secure_predictions - INFO - [TEE:marlin-tee-159ad989] Setting up secure I/O... complete
2025-05-03 17:15:05,862 - secure_predictions - INFO - [TEE:marlin-tee-159ad989] Completing attestation process... complete
2025-05-03 17:15:05,863 - secure_predictions - INFO - [TEE:marlin-tee-159ad989] Secure enclave initialization complete
2025-05-03 17:15:05,864 - secure_predictions - INFO - [TEE:marlin-tee-159ad989] Session nonce: 75608180
2025-05-03 17:15:05,865 - secure_predictions - INFO - [TEE:marlin-tee-159ad989] Received prediction request 1746272705-3474
2025-05-03 17:15:05,867 - secure_predictions - INFO - [TEE:marlin-tee-159ad989] Input data hash: 32974655e69262fda584244dc30f9e97cacf339b8fbfbddc7f84234726e7101e
2025-05-03 17:15:05,868 - secure_predictions - INFO - [TEE:marlin-tee-159ad989] Performing attestation verification
2025-05-03 17:15:05,955 - secure_predictions - INFO - [TEE:marlin-tee-159ad989] Attestation: Verifying enclave identity
2025-05-03 17:15:06,008 - secure_predictions - INFO - [TEE:marlin-tee-159ad989] Attestation: Checking hardware signatures
2025-05-03 17:15:06,076 - secure_predictions - INFO - [TEE:marlin-tee-159ad989] Attestation: Validating secure boot sequence
2025-05-03 17:15:06,165 - secure_predictions - INFO - [TEE:marlin-tee-159ad989] Attestation: Verifying model integrity
2025-05-03 17:15:06,166 - secure_predictions - INFO - [TEE:marlin-tee-159ad989] Securely preprocessing input data
2025-05-03 17:15:06,338 - secure_predictions - INFO - [TEE:marlin-tee-159ad989] Loading encrypted model weights
2025-05-03 17:15:06,657 - secure_predictions - INFO - [TEE:marlin-tee-159ad989] Executing model in secure memory space
2025-05-03 17:15:07,509 - secure_predictions - INFO - [TEE:marlin-tee-159ad989] Encrypting prediction results
2025-05-03 17:15:07,664 - secure_predictions - INFO - [TEE:marlin-tee-159ad989] Prediction complete: UP with 0.95 confidence
2025-05-03 17:15:07,665 - secure_predictions - INFO - [TEE:marlin-tee-159ad989] Result signature: ceca81e380cf34763e43a3aad242fe892fc42e8767834355a2cd16e0b07369ac
2025-05-03 17:15:08,012 - price_prediction_model - INFO - Successfully loaded model from models\btcusdt_predictor.joblib
2025-05-03 17:15:08,014 - price_prediction_model - INFO - Successfully loaded scaler from models\btcusdt_scaler.joblib
2025-05-03 17:15:09,902 - xgboost_price_predictor - INFO - Loaded model from models\btcusdt_xgboost.joblib
2025-05-03 17:15:09,905 - xgboost_price_predictor - INFO - Loaded scaler from models\btcusdt_xgboost_scaler.joblib
2025-05-03 17:15:09,907 - xgboost_price_predictor - INFO - Loaded metadata from models\btcusdt_xgboost_metadata.json
2025-05-03 17:15:09,907 - xgboost_price_predictor - INFO - Initialized XGBoost predictor for BTCUSDT with threshold 0.16575740277767181
2025-05-03 17:15:09,908 - ensemble_predictor - INFO - Ensemble predictor initialized for BTCUSDT
2025-05-03 17:15:09,908 - ensemble_predictor - INFO - Allora integration: Enabled
2025-05-03 17:15:09,909 - ensemble_predictor - INFO - Allora weight: 0.3
2025-05-03 17:15:09,909 - ensemble_predictor - INFO - Require Allora agreement: False
2025-05-03 17:15:09,909 - ensemble_predictor - INFO - Secure enclave: Enabled
2025-05-03 17:15:09,910 - ensemble_predictor - INFO - Secure model ID: btc_price_predictor_v1
2025-05-03 17:15:09,910 - ensemble_predictor - INFO - Secure model weight: 0.3
2025-05-03 17:15:09,911 - allora_integration - INFO - Allora integration initialized in mock mode
2025-05-03 17:15:09,912 - allora_integration - INFO - Generated mock Allora prediction: DOWN with 0.75 confidence
2025-05-03 17:15:09,912 - ensemble_predictor - INFO - Requesting prediction from secure enclave
2025-05-03 17:15:09,912 - secure_predictions - INFO - Initializing secure enclave marlin-tee-159ad989
2025-05-03 17:15:09,913 - secure_predictions - INFO - [TEE:marlin-tee-159ad989] Starting secure enclave initialization
2025-05-03 17:15:09,975 - secure_predictions - INFO - [TEE:marlin-tee-159ad989] Verifying hardware attestation... complete
2025-05-03 17:15:10,109 - secure_predictions - INFO - [TEE:marlin-tee-159ad989] Loading encrypted model weights... complete
2025-05-03 17:15:10,272 - secure_predictions - INFO - [TEE:marlin-tee-159ad989] Verifying model integrity... complete
2025-05-03 17:15:10,435 - secure_predictions - INFO - [TEE:marlin-tee-159ad989] Establishing secure communication channels... complete
2025-05-03 17:15:10,501 - secure_predictions - INFO - [TEE:marlin-tee-159ad989] Allocating secure memory regions... complete
2025-05-03 17:15:10,651 - secure_predictions - INFO - [TEE:marlin-tee-159ad989] Initializing random number generator... complete
2025-05-03 17:15:10,731 - secure_predictions - INFO - [TEE:marlin-tee-159ad989] Setting up secure I/O... complete
2025-05-03 17:15:10,802 - secure_predictions - INFO - [TEE:marlin-tee-159ad989] Completing attestation process... complete
2025-05-03 17:15:10,804 - secure_predictions - INFO - [TEE:marlin-tee-159ad989] Secure enclave initialization complete
2025-05-03 17:15:10,805 - secure_predictions - INFO - [TEE:marlin-tee-159ad989] Session nonce: 35415348
2025-05-03 17:15:10,806 - secure_predictions - INFO - [TEE:marlin-tee-159ad989] Received prediction request 1746272710-7017
2025-05-03 17:15:10,808 - secure_predictions - INFO - [TEE:marlin-tee-159ad989] Input data hash: abdf558e48ecd9e6815d83cc883b59a95dfecd12b8f972a1f0a4b88d74f683b9
2025-05-03 17:15:10,809 - secure_predictions - INFO - [TEE:marlin-tee-159ad989] Performing attestation verification
2025-05-03 17:15:10,893 - secure_predictions - INFO - [TEE:marlin-tee-159ad989] Attestation: Verifying enclave identity
2025-05-03 17:15:10,979 - secure_predictions - INFO - [TEE:marlin-tee-159ad989] Attestation: Checking hardware signatures
2025-05-03 17:15:11,046 - secure_predictions - INFO - [TEE:marlin-tee-159ad989] Attestation: Validating secure boot sequence
2025-05-03 17:15:11,141 - secure_predictions - INFO - [TEE:marlin-tee-159ad989] Attestation: Verifying model integrity
2025-05-03 17:15:11,142 - secure_predictions - INFO - [TEE:marlin-tee-159ad989] Securely preprocessing input data
2025-05-03 17:15:11,400 - secure_predictions - INFO - [TEE:marlin-tee-159ad989] Loading encrypted model weights
2025-05-03 17:15:11,831 - secure_predictions - INFO - [TEE:marlin-tee-159ad989] Executing model in secure memory space
2025-05-03 17:15:12,420 - secure_predictions - INFO - [TEE:marlin-tee-159ad989] Encrypting prediction results
2025-05-03 17:15:12,543 - secure_predictions - INFO - [TEE:marlin-tee-159ad989] Prediction complete: DOWN with 0.95 confidence
2025-05-03 17:15:12,544 - secure_predictions - INFO - [TEE:marlin-tee-159ad989] Result signature: 5d719c2d0b104a0df92695b0ba3e85d4fea6f96503647cff2cfe1efe01e04f67
2025-05-03 17:15:12,545 - ensemble_predictor - INFO - Secure model prediction: DOWN with 0.95 confidence
2025-05-03 17:15:12,546 - ensemble_predictor - INFO - Ensemble confidence 0.42 below threshold 0.6
2025-05-03 17:15:12,547 - ensemble_predictor - INFO - ENSEMBLE: NONE (0.42) | RF: UP (0.75) | XGB: UP (0.82) | ALLORA: DOWN (0.75) | SECURE: DOWN (0.95)
